fromList [ ("%if.then2", 10), ("%if.end3", -79) ]
